
SYMBOLS BY NAME

     200            ___RAM_Address      
     800            ___RAM_Size         
       0            ___begin_IDATA0     
     200            ___begin_UDATA0     
       0            ___end_IDATA0       
     202            ___end_UDATA0       
    1390 CODE       _envoicommande      
    114e CODE       _main               
    13b2 CODE       _memcpy             
    13c2 CODE       _memset             
     200 UDATA0     _next               
    1100 ISR        _usart0_rx          
    1108 ISR        _usart0_tx          
    110e ISR        _usart1_rx          
    1116 ISR        _usart1_tx          


SYMBOLS BY VALUE

       0            ___begin_IDATA0     
       0            ___end_IDATA0       
     200            ___RAM_Address      
     200            ___begin_UDATA0     
     200 UDATA0     _next               
     202            ___end_UDATA0       
     800            ___RAM_Size         
    1100 ISR        _usart0_rx          
    1108 ISR        _usart0_tx          
    110e ISR        _usart1_rx          
    1116 ISR        _usart1_tx          
    114e CODE       _main               
    1390 CODE       _envoicommande      
    13b2 CODE       _memcpy             
    13c2 CODE       _memset             
